[INFO] Scanning for projects...
[INFO] 
[INFO] --------------------------< com.example:demo >--------------------------
[INFO] Building demo 0.0.1-SNAPSHOT
[INFO]   from pom.xml
[INFO] --------------------------------[ jar ]---------------------------------
[INFO] 
[INFO] >>> spring-boot:3.2.8:run (default-cli) > test-compile @ demo >>>
[INFO] 
[INFO] --- resources:3.3.1:resources (default-resources) @ demo ---
[INFO] Copying 1 resource from src\main\resources to target\classes
[INFO] Copying 0 resource from src\main\resources to target\classes
[INFO] 
[INFO] --- compiler:3.11.0:compile (default-compile) @ demo ---
[INFO] Nothing to compile - all classes are up to date
[INFO] 
[INFO] --- resources:3.3.1:testResources (default-testResources) @ demo ---
[INFO] skip non existing resourceDirectory C:\Users\Vidhan Chandra\IdeaProjects\demo\src\test\resources
[INFO] 
[INFO] --- compiler:3.11.0:testCompile (default-testCompile) @ demo ---
[INFO] Nothing to compile - all classes are up to date
[INFO] 
[INFO] <<< spring-boot:3.2.8:run (default-cli) < test-compile @ demo <<<
[INFO] 
[INFO] 
[INFO] --- spring-boot:3.2.8:run (default-cli) @ demo ---
[INFO] Attaching agents: []
Standard Commons Logging discovery in action with spring-jcl: please remove commons-logging.jar from classpath in order to avoid potential conflicts

  .   ____          _            __ _ _
 /\\ / ___'_ __ _ _(_)_ __  __ _ \ \ \ \
( ( )\___ | '_ | '_| | '_ \/ _` | \ \ \ \
 \\/  ___)| |_)| | | | | || (_| |  ) ) ) )
  '  |____| .__|_| |_|_| |_\__, | / / / /
 =========|_|==============|___/=/_/_/_/
 :: Spring Boot ::                (v3.2.8)

2026-04-04T17:40:56.060+05:30  INFO 28404 --- [flink-boot] [           main] com.example.demo.DemoApplication         : Starting DemoApplication using Java 17.0.11 with PID 28404 (C:\Users\Vidhan Chandra\IdeaProjects\demo\target\classes started by Vidhan Chandra in C:\Users\Vidhan Chandra\IdeaProjects\demo)
2026-04-04T17:40:56.065+05:30  INFO 28404 --- [flink-boot] [           main] com.example.demo.DemoApplication         : No active profile set, falling back to 1 default profile: "default"
2026-04-04T17:40:56.963+05:30  INFO 28404 --- [flink-boot] [           main] com.example.demo.DemoApplication         : Started DemoApplication in 1.328 seconds (process running for 1.829)
2026-04-04T17:40:58.070+05:30  INFO 28404 --- [flink-boot] [lt-dispatcher-5] o.apache.pekko.event.slf4j.Slf4jLogger   : Slf4jLogger started
2026-04-04T17:40:58.279+05:30  INFO 28404 --- [flink-boot] [flink-metrics-4] o.apache.pekko.event.slf4j.Slf4jLogger   : Slf4jLogger started
2026-04-04T17:40:58.422+05:30  WARN 28404 --- [flink-boot] [           main] .a.f.r.s.t.DefaultDelegationTokenManager : No tokens obtained so skipping notifications
2026-04-04T17:40:59.098+05:30  WARN 28404 --- [flink-boot] [           main] o.a.f.r.webmonitor.WebMonitorUtils       : Log file environment variable 'log.file' is not set.
2026-04-04T17:40:59.099+05:30  WARN 28404 --- [flink-boot] [           main] o.a.f.r.webmonitor.WebMonitorUtils       : JobManager log files are unavailable in the web dashboard. Log file location not found in environment variable 'log.file' or configuration key 'web.log.path'.
2026-04-04T17:40:59.444+05:30  WARN 28404 --- [flink-boot] [lt-dispatcher-5] .a.f.r.s.t.DefaultDelegationTokenManager : No tokens obtained so skipping notifications
2026-04-04T17:40:59.446+05:30  WARN 28404 --- [flink-boot] [lt-dispatcher-5] .a.f.r.s.t.DefaultDelegationTokenManager : Tokens update task not started because either no tokens obtained or none of the tokens specified its renewal date
2026-04-04T17:40:59.869+05:30  INFO 28404 --- [flink-boot] [ns-kafka-source] o.a.k.clients.admin.AdminClientConfig    : AdminClientConfig values: 
	auto.include.jmx.reporter = true
	bootstrap.servers = [localhost:9092]
	client.dns.lookup = use_all_dns_ips
	client.id = fraud-detector-enumerator-admin-client
	connections.max.idle.ms = 300000
	default.api.timeout.ms = 60000
	metadata.max.age.ms = 300000
	metric.reporters = []
	metrics.num.samples = 2
	metrics.recording.level = INFO
	metrics.sample.window.ms = 30000
	receive.buffer.bytes = 65536
	reconnect.backoff.max.ms = 1000
	reconnect.backoff.ms = 50
	request.timeout.ms = 30000
	retries = 2147483647
	retry.backoff.ms = 100
	sasl.client.callback.handler.class = null
	sasl.jaas.config = null
	sasl.kerberos.kinit.cmd = /usr/bin/kinit
	sasl.kerberos.min.time.before.relogin = 60000
	sasl.kerberos.service.name = null
	sasl.kerberos.ticket.renew.jitter = 0.05
	sasl.kerberos.ticket.renew.window.factor = 0.8
	sasl.login.callback.handler.class = null
	sasl.login.class = null
	sasl.login.connect.timeout.ms = null
	sasl.login.read.timeout.ms = null
	sasl.login.refresh.buffer.seconds = 300
	sasl.login.refresh.min.period.seconds = 60
	sasl.login.refresh.window.factor = 0.8
	sasl.login.refresh.window.jitter = 0.05
	sasl.login.retry.backoff.max.ms = 10000
	sasl.login.retry.backoff.ms = 100
	sasl.mechanism = GSSAPI
	sasl.oauthbearer.clock.skew.seconds = 30
	sasl.oauthbearer.expected.audience = null
	sasl.oauthbearer.expected.issuer = null
	sasl.oauthbearer.jwks.endpoint.refresh.ms = 3600000
	sasl.oauthbearer.jwks.endpoint.retry.backoff.max.ms = 10000
	sasl.oauthbearer.jwks.endpoint.retry.backoff.ms = 100
	sasl.oauthbearer.jwks.endpoint.url = null
	sasl.oauthbearer.scope.claim.name = scope
	sasl.oauthbearer.sub.claim.name = sub
	sasl.oauthbearer.token.endpoint.url = null
	security.protocol = PLAINTEXT
	security.providers = null
	send.buffer.bytes = 131072
	socket.connection.setup.timeout.max.ms = 30000
	socket.connection.setup.timeout.ms = 10000
	ssl.cipher.suites = null
	ssl.enabled.protocols = [TLSv1.2, TLSv1.3]
	ssl.endpoint.identification.algorithm = https
	ssl.engine.factory.class = null
	ssl.key.password = null
	ssl.keymanager.algorithm = SunX509
	ssl.keystore.certificate.chain = null
	ssl.keystore.key = null
	ssl.keystore.location = null
	ssl.keystore.password = null
	ssl.keystore.type = JKS
	ssl.protocol = TLSv1.3
	ssl.provider = null
	ssl.secure.random.implementation = null
	ssl.trustmanager.algorithm = PKIX
	ssl.truststore.certificates = null
	ssl.truststore.location = null
	ssl.truststore.password = null
	ssl.truststore.type = JKS

2026-04-04T17:40:59.994+05:30  INFO 28404 --- [flink-boot] [ns-kafka-source] o.a.k.clients.admin.AdminClientConfig    : These configurations '[key.deserializer, value.deserializer, commit.offsets.on.checkpoint, enable.auto.commit, client.id.prefix, group.id, partition.discovery.interval.ms, auto.offset.reset]' were supplied but are not used yet.
2026-04-04T17:40:59.997+05:30  INFO 28404 --- [flink-boot] [ns-kafka-source] o.a.kafka.common.utils.AppInfoParser     : Kafka version: 3.6.2
2026-04-04T17:40:59.998+05:30  INFO 28404 --- [flink-boot] [ns-kafka-source] o.a.kafka.common.utils.AppInfoParser     : Kafka commitId: c4deed513057c94e
2026-04-04T17:40:59.999+05:30  INFO 28404 --- [flink-boot] [ns-kafka-source] o.a.kafka.common.utils.AppInfoParser     : Kafka startTimeMs: 1775304659995
2026-04-04T17:41:00.599+05:30  INFO 28404 --- [flink-boot] [. Out) (6/12)#0] o.a.k.clients.producer.ProducerConfig    : ProducerConfig values: 
	acks = -1
	auto.include.jmx.reporter = true
	batch.size = 16384
	bootstrap.servers = [localhost:9092]
	buffer.memory = 33554432
	client.dns.lookup = use_all_dns_ips
	client.id = producer-4
	compression.type = none
	connections.max.idle.ms = 540000
	delivery.timeout.ms = 120000
	enable.idempotence = true
	interceptor.classes = []
	key.serializer = class org.apache.kafka.common.serialization.ByteArraySerializer
	linger.ms = 0
	max.block.ms = 60000
	max.in.flight.requests.per.connection = 5
	max.request.size = 1048576
	metadata.max.age.ms = 300000
	metadata.max.idle.ms = 300000
	metric.reporters = []
	metrics.num.samples = 2
	metrics.recording.level = INFO
	metrics.sample.window.ms = 30000
	partitioner.adaptive.partitioning.enable = true
	partitioner.availability.timeout.ms = 0
	partitioner.class = null
	partitioner.ignore.keys = false
	receive.buffer.bytes = 32768
	reconnect.backoff.max.ms = 1000
	reconnect.backoff.ms = 50
	request.timeout.ms = 30000
	retries = 2147483647
	retry.backoff.ms = 100
	sasl.client.callback.handler.class = null
	sasl.jaas.config = null
	sasl.kerberos.kinit.cmd = /usr/bin/kinit
	sasl.kerberos.min.time.before.relogin = 60000
	sasl.kerberos.service.name = null
	sasl.kerberos.ticket.renew.jitter = 0.05
	sasl.kerberos.ticket.renew.window.factor = 0.8
	sasl.login.callback.handler.class = null
	sasl.login.class = null
	sasl.login.connect.timeout.ms = null
	sasl.login.read.timeout.ms = null
	sasl.login.refresh.buffer.seconds = 300
	sasl.login.refresh.min.period.seconds = 60
	sasl.login.refresh.window.factor = 0.8
	sasl.login.refresh.window.jitter = 0.05
	sasl.login.retry.backoff.max.ms = 10000
	sasl.login.retry.backoff.ms = 100
	sasl.mechanism = GSSAPI
	sasl.oauthbearer.clock.skew.seconds = 30
	sasl.oauthbearer.expected.audience = null
	sasl.oauthbearer.expected.issuer = null
	sasl.oauthbearer.jwks.endpoint.refresh.ms = 3600000
	sasl.oauthbearer.jwks.endpoint.retry.backoff.max.ms = 10000
	sasl.oauthbearer.jwks.endpoint.retry.backoff.ms = 100
	sasl.oauthbearer.jwks.endpoint.url = null
	sasl.oauthbearer.scope.claim.name = scope
	sasl.oauthbearer.sub.claim.name = sub
	sasl.oauthbearer.token.endpoint.url = null
	security.protocol = PLAINTEXT
	security.providers = null
	send.buffer.bytes = 131072
	socket.connection.setup.timeout.max.ms = 30000
	socket.connection.setup.timeout.ms = 10000
	ssl.cipher.suites = null
	ssl.enabled.protocols = [TLSv1.2, TLSv1.3]
	ssl.endpoint.identification.algorithm = https
	ssl.engine.factory.class = null
	ssl.key.password = null
	ssl.keymanager.algorithm = SunX509
	ssl.keystore.certificate.chain = null
	ssl.keystore.key = null
	ssl.keystore.location = null
	ssl.keystore.password = null
	ssl.keystore.type = JKS
	ssl.protocol = TLSv1.3
	ssl.provider = null
	ssl.secure.random.implementation = null
	ssl.trustmanager.algorithm = PKIX
	ssl.truststore.certificates = null
	ssl.truststore.location = null
	ssl.truststore.password = null
	ssl.truststore.type = JKS
	transaction.timeout.ms = 3600000
	transactional.id = null
	value.serializer = class org.apache.kafka.common.serialization.ByteArraySerializer

2026-04-04T17:41:00.600+05:30  INFO 28404 --- [flink-boot] [. Out) (5/12)#0] o.a.k.clients.producer.ProducerConfig    : ProducerConfig values: 
	acks = -1
	auto.include.jmx.reporter = true
	batch.size = 16384
	bootstrap.servers = [localhost:9092]
	buffer.memory = 33554432
	client.dns.lookup = use_all_dns_ips
	client.id = producer-7
	compression.type = none
	connections.max.idle.ms = 540000
	delivery.timeout.ms = 120000
	enable.idempotence = true
	interceptor.classes = []
	key.serializer = class org.apache.kafka.common.serialization.ByteArraySerializer
	linger.ms = 0
	max.block.ms = 60000
	max.in.flight.requests.per.connection = 5
	max.request.size = 1048576
	metadata.max.age.ms = 300000
	metadata.max.idle.ms = 300000
	metric.reporters = []
	metrics.num.samples = 2
	metrics.recording.level = INFO
	metrics.sample.window.ms = 30000
	partitioner.adaptive.partitioning.enable = true
	partitioner.availability.timeout.ms = 0
	partitioner.class = null
	partitioner.ignore.keys = false
	receive.buffer.bytes = 32768
	reconnect.backoff.max.ms = 1000
	reconnect.backoff.ms = 50
	request.timeout.ms = 30000
	retries = 2147483647
	retry.backoff.ms = 100
	sasl.client.callback.handler.class = null
	sasl.jaas.config = null
	sasl.kerberos.kinit.cmd = /usr/bin/kinit
	sasl.kerberos.min.time.before.relogin = 60000
	sasl.kerberos.service.name = null
	sasl.kerberos.ticket.renew.jitter = 0.05
	sasl.kerberos.ticket.renew.window.factor = 0.8
	sasl.login.callback.handler.class = null
	sasl.login.class = null
	sasl.login.connect.timeout.ms = null
	sasl.login.read.timeout.ms = null
	sasl.login.refresh.buffer.seconds = 300
	sasl.login.refresh.min.period.seconds = 60
	sasl.login.refresh.window.factor = 0.8
	sasl.login.refresh.window.jitter = 0.05
	sasl.login.retry.backoff.max.ms = 10000
	sasl.login.retry.backoff.ms = 100
	sasl.mechanism = GSSAPI
	sasl.oauthbearer.clock.skew.seconds = 30
	sasl.oauthbearer.expected.audience = null
	sasl.oauthbearer.expected.issuer = null
	sasl.oauthbearer.jwks.endpoint.refresh.ms = 3600000
	sasl.oauthbearer.jwks.endpoint.retry.backoff.max.ms = 10000
	sasl.oauthbearer.jwks.endpoint.retry.backoff.ms = 100
	sasl.oauthbearer.jwks.endpoint.url = null
	sasl.oauthbearer.scope.claim.name = scope
	sasl.oauthbearer.sub.claim.name = sub
	sasl.oauthbearer.token.endpoint.url = null
	security.protocol = PLAINTEXT
	security.providers = null
	send.buffer.bytes = 131072
	socket.connection.setup.timeout.max.ms = 30000
	socket.connection.setup.timeout.ms = 10000
	ssl.cipher.suites = null
	ssl.enabled.protocols = [TLSv1.2, TLSv1.3]
	ssl.endpoint.identification.algorithm = https
	ssl.engine.factory.class = null
	ssl.key.password = null
	ssl.keymanager.algorithm = SunX509
	ssl.keystore.certificate.chain = null
	ssl.keystore.key = null
	ssl.keystore.location = null
	ssl.keystore.password = null
	ssl.keystore.type = JKS
	ssl.protocol = TLSv1.3
	ssl.provider = null
	ssl.secure.random.implementation = null
	ssl.trustmanager.algorithm = PKIX
	ssl.truststore.certificates = null
	ssl.truststore.location = null
	ssl.truststore.password = null
	ssl.truststore.type = JKS
	transaction.timeout.ms = 3600000
	transactional.id = null
	value.serializer = class org.apache.kafka.common.serialization.ByteArraySerializer

2026-04-04T17:41:00.598+05:30  INFO 28404 --- [flink-boot] [. Out) (4/12)#0] o.a.k.clients.producer.ProducerConfig    : ProducerConfig values: 
	acks = -1
	auto.include.jmx.reporter = true
	batch.size = 16384
	bootstrap.servers = [localhost:9092]
	buffer.memory = 33554432
	client.dns.lookup = use_all_dns_ips
	client.id = producer-1
	compression.type = none
	connections.max.idle.ms = 540000
	delivery.timeout.ms = 120000
	enable.idempotence = true
	interceptor.classes = []
	key.serializer = class org.apache.kafka.common.serialization.ByteArraySerializer
	linger.ms = 0
	max.block.ms = 60000
	max.in.flight.requests.per.connection = 5
	max.request.size = 1048576
	metadata.max.age.ms = 300000
	metadata.max.idle.ms = 300000
	metric.reporters = []
	metrics.num.samples = 2
	metrics.recording.level = INFO
	metrics.sample.window.ms = 30000
	partitioner.adaptive.partitioning.enable = true
	partitioner.availability.timeout.ms = 0
	partitioner.class = null
	partitioner.ignore.keys = false
	receive.buffer.bytes = 32768
	reconnect.backoff.max.ms = 1000
	reconnect.backoff.ms = 50
	request.timeout.ms = 30000
	retries = 2147483647
	retry.backoff.ms = 100
	sasl.client.callback.handler.class = null
	sasl.jaas.config = null
	sasl.kerberos.kinit.cmd = /usr/bin/kinit
	sasl.kerberos.min.time.before.relogin = 60000
	sasl.kerberos.service.name = null
	sasl.kerberos.ticket.renew.jitter = 0.05
	sasl.kerberos.ticket.renew.window.factor = 0.8
	sasl.login.callback.handler.class = null
	sasl.login.class = null
	sasl.login.connect.timeout.ms = null
	sasl.login.read.timeout.ms = null
	sasl.login.refresh.buffer.seconds = 300
	sasl.login.refresh.min.period.seconds = 60
	sasl.login.refresh.window.factor = 0.8
	sasl.login.refresh.window.jitter = 0.05
	sasl.login.retry.backoff.max.ms = 10000
	sasl.login.retry.backoff.ms = 100
	sasl.mechanism = GSSAPI
	sasl.oauthbearer.clock.skew.seconds = 30
	sasl.oauthbearer.expected.audience = null
	sasl.oauthbearer.expected.issuer = null
	sasl.oauthbearer.jwks.endpoint.refresh.ms = 3600000
	sasl.oauthbearer.jwks.endpoint.retry.backoff.max.ms = 10000
	sasl.oauthbearer.jwks.endpoint.retry.backoff.ms = 100
	sasl.oauthbearer.jwks.endpoint.url = null
	sasl.oauthbearer.scope.claim.name = scope
	sasl.oauthbearer.sub.claim.name = sub
	sasl.oauthbearer.token.endpoint.url = null
	security.protocol = PLAINTEXT
	security.providers = null
	send.buffer.bytes = 131072
	socket.connection.setup.timeout.max.ms = 30000
	socket.connection.setup.timeout.ms = 10000
	ssl.cipher.suites = null
	ssl.enabled.protocols = [TLSv1.2, TLSv1.3]
	ssl.endpoint.identification.algorithm = https
	ssl.engine.factory.class = null
	ssl.key.password = null
	ssl.keymanager.algorithm = SunX509
	ssl.keystore.certificate.chain = null
	ssl.keystore.key = null
	ssl.keystore.location = null
	ssl.keystore.password = null
	ssl.keystore.type = JKS
	ssl.protocol = TLSv1.3
	ssl.provider = null
	ssl.secure.random.implementation = null
	ssl.trustmanager.algorithm = PKIX
	ssl.truststore.certificates = null
	ssl.truststore.location = null
	ssl.truststore.password = null
	ssl.truststore.type = JKS
	transaction.timeout.ms = 3600000
	transactional.id = null
	value.serializer = class org.apache.kafka.common.serialization.ByteArraySerializer

2026-04-04T17:41:00.599+05:30  INFO 28404 --- [flink-boot] [ Out) (12/12)#0] o.a.k.clients.producer.ProducerConfig    : ProducerConfig values: 
	acks = -1
	auto.include.jmx.reporter = true
	batch.size = 16384
	bootstrap.servers = [localhost:9092]
	buffer.memory = 33554432
	client.dns.lookup = use_all_dns_ips
	client.id = producer-2
	compression.type = none
	connections.max.idle.ms = 540000
	delivery.timeout.ms = 120000
	enable.idempotence = true
	interceptor.classes = []
	key.serializer = class org.apache.kafka.common.serialization.ByteArraySerializer
	linger.ms = 0
	max.block.ms = 60000
	max.in.flight.requests.per.connection = 5
	max.request.size = 1048576
	metadata.max.age.ms = 300000
	metadata.max.idle.ms = 300000
	metric.reporters = []
	metrics.num.samples = 2
	metrics.recording.level = INFO
	metrics.sample.window.ms = 30000
	partitioner.adaptive.partitioning.enable = true
	partitioner.availability.timeout.ms = 0
	partitioner.class = null
	partitioner.ignore.keys = false
	receive.buffer.bytes = 32768
	reconnect.backoff.max.ms = 1000
	reconnect.backoff.ms = 50
	request.timeout.ms = 30000
	retries = 2147483647
	retry.backoff.ms = 100
	sasl.client.callback.handler.class = null
	sasl.jaas.config = null
	sasl.kerberos.kinit.cmd = /usr/bin/kinit
	sasl.kerberos.min.time.before.relogin = 60000
	sasl.kerberos.service.name = null
	sasl.kerberos.ticket.renew.jitter = 0.05
	sasl.kerberos.ticket.renew.window.factor = 0.8
	sasl.login.callback.handler.class = null
	sasl.login.class = null
	sasl.login.connect.timeout.ms = null
	sasl.login.read.timeout.ms = null
	sasl.login.refresh.buffer.seconds = 300
	sasl.login.refresh.min.period.seconds = 60
	sasl.login.refresh.window.factor = 0.8
	sasl.login.refresh.window.jitter = 0.05
	sasl.login.retry.backoff.max.ms = 10000
	sasl.login.retry.backoff.ms = 100
	sasl.mechanism = GSSAPI
	sasl.oauthbearer.clock.skew.seconds = 30
	sasl.oauthbearer.expected.audience = null
	sasl.oauthbearer.expected.issuer = null
	sasl.oauthbearer.jwks.endpoint.refresh.ms = 3600000
	sasl.oauthbearer.jwks.endpoint.retry.backoff.max.ms = 10000
	sasl.oauthbearer.jwks.endpoint.retry.backoff.ms = 100
	sasl.oauthbearer.jwks.endpoint.url = null
	sasl.oauthbearer.scope.claim.name = scope
	sasl.oauthbearer.sub.claim.name = sub
	sasl.oauthbearer.token.endpoint.url = null
	security.protocol = PLAINTEXT
	security.providers = null
	send.buffer.bytes = 131072
	socket.connection.setup.timeout.max.ms = 30000
	socket.connection.setup.timeout.ms = 10000
	ssl.cipher.suites = null
	ssl.enabled.protocols = [TLSv1.2, TLSv1.3]
	ssl.endpoint.identification.algorithm = https
	ssl.engine.factory.class = null
	ssl.key.password = null
	ssl.keymanager.algorithm = SunX509
	ssl.keystore.certificate.chain = null
	ssl.keystore.key = null
	ssl.keystore.location = null
	ssl.keystore.password = null
	ssl.keystore.type = JKS
	ssl.protocol = TLSv1.3
	ssl.provider = null
	ssl.secure.random.implementation = null
	ssl.trustmanager.algorithm = PKIX
	ssl.truststore.certificates = null
	ssl.truststore.location = null
	ssl.truststore.password = null
	ssl.truststore.type = JKS
	transaction.timeout.ms = 3600000
	transactional.id = null
	value.serializer = class org.apache.kafka.common.serialization.ByteArraySerializer

2026-04-04T17:41:00.600+05:30  INFO 28404 --- [flink-boot] [. Out) (7/12)#0] o.a.k.clients.producer.ProducerConfig    : ProducerConfig values: 
	acks = -1
	auto.include.jmx.reporter = true
	batch.size = 16384
	bootstrap.servers = [localhost:9092]
	buffer.memory = 33554432
	client.dns.lookup = use_all_dns_ips
	client.id = producer-3
	compression.type = none
	connections.max.idle.ms = 540000
	delivery.timeout.ms = 120000
	enable.idempotence = true
	interceptor.classes = []
	key.serializer = class org.apache.kafka.common.serialization.ByteArraySerializer
	linger.ms = 0
	max.block.ms = 60000
	max.in.flight.requests.per.connection = 5
	max.request.size = 1048576
	metadata.max.age.ms = 300000
	metadata.max.idle.ms = 300000
	metric.reporters = []
	metrics.num.samples = 2
	metrics.recording.level = INFO
	metrics.sample.window.ms = 30000
	partitioner.adaptive.partitioning.enable = true
	partitioner.availability.timeout.ms = 0
	partitioner.class = null
	partitioner.ignore.keys = false
	receive.buffer.bytes = 32768
	reconnect.backoff.max.ms = 1000
	reconnect.backoff.ms = 50
	request.timeout.ms = 30000
	retries = 2147483647
	retry.backoff.ms = 100
	sasl.client.callback.handler.class = null
	sasl.jaas.config = null
	sasl.kerberos.kinit.cmd = /usr/bin/kinit
	sasl.kerberos.min.time.before.relogin = 60000
	sasl.kerberos.service.name = null
	sasl.kerberos.ticket.renew.jitter = 0.05
	sasl.kerberos.ticket.renew.window.factor = 0.8
	sasl.login.callback.handler.class = null
	sasl.login.class = null
	sasl.login.connect.timeout.ms = null
	sasl.login.read.timeout.ms = null
	sasl.login.refresh.buffer.seconds = 300
	sasl.login.refresh.min.period.seconds = 60
	sasl.login.refresh.window.factor = 0.8
	sasl.login.refresh.window.jitter = 0.05
	sasl.login.retry.backoff.max.ms = 10000
	sasl.login.retry.backoff.ms = 100
	sasl.mechanism = GSSAPI
	sasl.oauthbearer.clock.skew.seconds = 30
	sasl.oauthbearer.expected.audience = null
	sasl.oauthbearer.expected.issuer = null
	sasl.oauthbearer.jwks.endpoint.refresh.ms = 3600000
	sasl.oauthbearer.jwks.endpoint.retry.backoff.max.ms = 10000
	sasl.oauthbearer.jwks.endpoint.retry.backoff.ms = 100
	sasl.oauthbearer.jwks.endpoint.url = null
	sasl.oauthbearer.scope.claim.name = scope
	sasl.oauthbearer.sub.claim.name = sub
	sasl.oauthbearer.token.endpoint.url = null
	security.protocol = PLAINTEXT
	security.providers = null
	send.buffer.bytes = 131072
	socket.connection.setup.timeout.max.ms = 30000
	socket.connection.setup.timeout.ms = 10000
	ssl.cipher.suites = null
	ssl.enabled.protocols = [TLSv1.2, TLSv1.3]
	ssl.endpoint.identification.algorithm = https
	ssl.engine.factory.class = null
	ssl.key.password = null
	ssl.keymanager.algorithm = SunX509
	ssl.keystore.certificate.chain = null
	ssl.keystore.key = null
	ssl.keystore.location = null
	ssl.keystore.password = null
	ssl.keystore.type = JKS
	ssl.protocol = TLSv1.3
	ssl.provider = null
	ssl.secure.random.implementation = null
	ssl.trustmanager.algorithm = PKIX
	ssl.truststore.certificates = null
	ssl.truststore.location = null
	ssl.truststore.password = null
	ssl.truststore.type = JKS
	transaction.timeout.ms = 3600000
	transactional.id = null
	value.serializer = class org.apache.kafka.common.serialization.ByteArraySerializer

2026-04-04T17:41:00.600+05:30  INFO 28404 --- [flink-boot] [. Out) (9/12)#0] o.a.k.clients.producer.ProducerConfig    : ProducerConfig values: 
	acks = -1
	auto.include.jmx.reporter = true
	batch.size = 16384
	bootstrap.servers = [localhost:9092]
	buffer.memory = 33554432
	client.dns.lookup = use_all_dns_ips
	client.id = producer-5
	compression.type = none
	connections.max.idle.ms = 540000
	delivery.timeout.ms = 120000
	enable.idempotence = true
	interceptor.classes = []
	key.serializer = class org.apache.kafka.common.serialization.ByteArraySerializer
	linger.ms = 0
	max.block.ms = 60000
	max.in.flight.requests.per.connection = 5
	max.request.size = 1048576
	metadata.max.age.ms = 300000
	metadata.max.idle.ms = 300000
	metric.reporters = []
	metrics.num.samples = 2
	metrics.recording.level = INFO
	metrics.sample.window.ms = 30000
	partitioner.adaptive.partitioning.enable = true
	partitioner.availability.timeout.ms = 0
	partitioner.class = null
	partitioner.ignore.keys = false
	receive.buffer.bytes = 32768
	reconnect.backoff.max.ms = 1000
	reconnect.backoff.ms = 50
	request.timeout.ms = 30000
	retries = 2147483647
	retry.backoff.ms = 100
	sasl.client.callback.handler.class = null
	sasl.jaas.config = null
	sasl.kerberos.kinit.cmd = /usr/bin/kinit
	sasl.kerberos.min.time.before.relogin = 60000
	sasl.kerberos.service.name = null
	sasl.kerberos.ticket.renew.jitter = 0.05
	sasl.kerberos.ticket.renew.window.factor = 0.8
	sasl.login.callback.handler.class = null
	sasl.login.class = null
	sasl.login.connect.timeout.ms = null
	sasl.login.read.timeout.ms = null
	sasl.login.refresh.buffer.seconds = 300
	sasl.login.refresh.min.period.seconds = 60
	sasl.login.refresh.window.factor = 0.8
	sasl.login.refresh.window.jitter = 0.05
	sasl.login.retry.backoff.max.ms = 10000
	sasl.login.retry.backoff.ms = 100
	sasl.mechanism = GSSAPI
	sasl.oauthbearer.clock.skew.seconds = 30
	sasl.oauthbearer.expected.audience = null
	sasl.oauthbearer.expected.issuer = null
	sasl.oauthbearer.jwks.endpoint.refresh.ms = 3600000
	sasl.oauthbearer.jwks.endpoint.retry.backoff.max.ms = 10000
	sasl.oauthbearer.jwks.endpoint.retry.backoff.ms = 100
	sasl.oauthbearer.jwks.endpoint.url = null
	sasl.oauthbearer.scope.claim.name = scope
	sasl.oauthbearer.sub.claim.name = sub
	sasl.oauthbearer.token.endpoint.url = null
	security.protocol = PLAINTEXT
	security.providers = null
	send.buffer.bytes = 131072
	socket.connection.setup.timeout.max.ms = 30000
	socket.connection.setup.timeout.ms = 10000
	ssl.cipher.suites = null
	ssl.enabled.protocols = [TLSv1.2, TLSv1.3]
	ssl.endpoint.identification.algorithm = https
	ssl.engine.factory.class = null
	ssl.key.password = null
	ssl.keymanager.algorithm = SunX509
	ssl.keystore.certificate.chain = null
	ssl.keystore.key = null
	ssl.keystore.location = null
	ssl.keystore.password = null
	ssl.keystore.type = JKS
	ssl.protocol = TLSv1.3
	ssl.provider = null
	ssl.secure.random.implementation = null
	ssl.trustmanager.algorithm = PKIX
	ssl.truststore.certificates = null
	ssl.truststore.location = null
	ssl.truststore.password = null
	ssl.truststore.type = JKS
	transaction.timeout.ms = 3600000
	transactional.id = null
	value.serializer = class org.apache.kafka.common.serialization.ByteArraySerializer

2026-04-04T17:41:00.601+05:30  INFO 28404 --- [flink-boot] [ Out) (11/12)#0] o.a.k.clients.producer.ProducerConfig    : ProducerConfig values: 
	acks = -1
	auto.include.jmx.reporter = true
	batch.size = 16384
	bootstrap.servers = [localhost:9092]
	buffer.memory = 33554432
	client.dns.lookup = use_all_dns_ips
	client.id = producer-6
	compression.type = none
	connections.max.idle.ms = 540000
	delivery.timeout.ms = 120000
	enable.idempotence = true
	interceptor.classes = []
	key.serializer = class org.apache.kafka.common.serialization.ByteArraySerializer
	linger.ms = 0
	max.block.ms = 60000
	max.in.flight.requests.per.connection = 5
	max.request.size = 1048576
	metadata.max.age.ms = 300000
	metadata.max.idle.ms = 300000
	metric.reporters = []
	metrics.num.samples = 2
	metrics.recording.level = INFO
	metrics.sample.window.ms = 30000
	partitioner.adaptive.partitioning.enable = true
	partitioner.availability.timeout.ms = 0
	partitioner.class = null
	partitioner.ignore.keys = false
	receive.buffer.bytes = 32768
	reconnect.backoff.max.ms = 1000
	reconnect.backoff.ms = 50
	request.timeout.ms = 30000
	retries = 2147483647
	retry.backoff.ms = 100
	sasl.client.callback.handler.class = null
	sasl.jaas.config = null
	sasl.kerberos.kinit.cmd = /usr/bin/kinit
	sasl.kerberos.min.time.before.relogin = 60000
	sasl.kerberos.service.name = null
	sasl.kerberos.ticket.renew.jitter = 0.05
	sasl.kerberos.ticket.renew.window.factor = 0.8
	sasl.login.callback.handler.class = null
	sasl.login.class = null
	sasl.login.connect.timeout.ms = null
	sasl.login.read.timeout.ms = null
	sasl.login.refresh.buffer.seconds = 300
	sasl.login.refresh.min.period.seconds = 60
	sasl.login.refresh.window.factor = 0.8
	sasl.login.refresh.window.jitter = 0.05
	sasl.login.retry.backoff.max.ms = 10000
	sasl.login.retry.backoff.ms = 100
	sasl.mechanism = GSSAPI
	sasl.oauthbearer.clock.skew.seconds = 30
	sasl.oauthbearer.expected.audience = null
	sasl.oauthbearer.expected.issuer = null
	sasl.oauthbearer.jwks.endpoint.refresh.ms = 3600000
	sasl.oauthbearer.jwks.endpoint.retry.backoff.max.ms = 10000
	sasl.oauthbearer.jwks.endpoint.retry.backoff.ms = 100
	sasl.oauthbearer.jwks.endpoint.url = null
	sasl.oauthbearer.scope.claim.name = scope
	sasl.oauthbearer.sub.claim.name = sub
	sasl.oauthbearer.token.endpoint.url = null
	security.protocol = PLAINTEXT
	security.providers = null
	send.buffer.bytes = 131072
	socket.connection.setup.timeout.max.ms = 30000
	socket.connection.setup.timeout.ms = 10000
	ssl.cipher.suites = null
	ssl.enabled.protocols = [TLSv1.2, TLSv1.3]
	ssl.endpoint.identification.algorithm = https
	ssl.engine.factory.class = null
	ssl.key.password = null
	ssl.keymanager.algorithm = SunX509
	ssl.keystore.certificate.chain = null
	ssl.keystore.key = null
	ssl.keystore.location = null
	ssl.keystore.password = null
	ssl.keystore.type = JKS
	ssl.protocol = TLSv1.3
	ssl.provider = null
	ssl.secure.random.implementation = null
	ssl.trustmanager.algorithm = PKIX
	ssl.truststore.certificates = null
	ssl.truststore.location = null
	ssl.truststore.password = null
	ssl.truststore.type = JKS
	transaction.timeout.ms = 3600000
	transactional.id = null
	value.serializer = class org.apache.kafka.common.serialization.ByteArraySerializer

2026-04-04T17:41:00.602+05:30  INFO 28404 --- [flink-boot] [ Out) (10/12)#0] o.a.k.clients.producer.ProducerConfig    : ProducerConfig values: 
	acks = -1
	auto.include.jmx.reporter = true
	batch.size = 16384
	bootstrap.servers = [localhost:9092]
	buffer.memory = 33554432
	client.dns.lookup = use_all_dns_ips
	client.id = producer-8
	compression.type = none
	connections.max.idle.ms = 540000
	delivery.timeout.ms = 120000
	enable.idempotence = true
	interceptor.classes = []
	key.serializer = class org.apache.kafka.common.serialization.ByteArraySerializer
	linger.ms = 0
	max.block.ms = 60000
	max.in.flight.requests.per.connection = 5
	max.request.size = 1048576
	metadata.max.age.ms = 300000
	metadata.max.idle.ms = 300000
	metric.reporters = []
	metrics.num.samples = 2
	metrics.recording.level = INFO
	metrics.sample.window.ms = 30000
	partitioner.adaptive.partitioning.enable = true
	partitioner.availability.timeout.ms = 0
	partitioner.class = null
	partitioner.ignore.keys = false
	receive.buffer.bytes = 32768
	reconnect.backoff.max.ms = 1000
	reconnect.backoff.ms = 50
	request.timeout.ms = 30000
	retries = 2147483647
	retry.backoff.ms = 100
	sasl.client.callback.handler.class = null
	sasl.jaas.config = null
	sasl.kerberos.kinit.cmd = /usr/bin/kinit
	sasl.kerberos.min.time.before.relogin = 60000
	sasl.kerberos.service.name = null
	sasl.kerberos.ticket.renew.jitter = 0.05
	sasl.kerberos.ticket.renew.window.factor = 0.8
	sasl.login.callback.handler.class = null
	sasl.login.class = null
	sasl.login.connect.timeout.ms = null
	sasl.login.read.timeout.ms = null
	sasl.login.refresh.buffer.seconds = 300
	sasl.login.refresh.min.period.seconds = 60
	sasl.login.refresh.window.factor = 0.8
	sasl.login.refresh.window.jitter = 0.05
	sasl.login.retry.backoff.max.ms = 10000
	sasl.login.retry.backoff.ms = 100
	sasl.mechanism = GSSAPI
	sasl.oauthbearer.clock.skew.seconds = 30
	sasl.oauthbearer.expected.audience = null
	sasl.oauthbearer.expected.issuer = null
	sasl.oauthbearer.jwks.endpoint.refresh.ms = 3600000
	sasl.oauthbearer.jwks.endpoint.retry.backoff.max.ms = 10000
	sasl.oauthbearer.jwks.endpoint.retry.backoff.ms = 100
	sasl.oauthbearer.jwks.endpoint.url = null
	sasl.oauthbearer.scope.claim.name = scope
	sasl.oauthbearer.sub.claim.name = sub
	sasl.oauthbearer.token.endpoint.url = null
	security.protocol = PLAINTEXT
	security.providers = null
	send.buffer.bytes = 131072
	socket.connection.setup.timeout.max.ms = 30000
	socket.connection.setup.timeout.ms = 10000
	ssl.cipher.suites = null
	ssl.enabled.protocols = [TLSv1.2, TLSv1.3]
	ssl.endpoint.identification.algorithm = https
	ssl.engine.factory.class = null
	ssl.key.password = null
	ssl.keymanager.algorithm = SunX509
	ssl.keystore.certificate.chain = null
	ssl.keystore.key = null
	ssl.keystore.location = null
	ssl.keystore.password = null
	ssl.keystore.type = JKS
	ssl.protocol = TLSv1.3
	ssl.provider = null
	ssl.secure.random.implementation = null
	ssl.trustmanager.algorithm = PKIX
	ssl.truststore.certificates = null
	ssl.truststore.location = null
	ssl.truststore.password = null
	ssl.truststore.type = JKS
	transaction.timeout.ms = 3600000
	transactional.id = null
	value.serializer = class org.apache.kafka.common.serialization.ByteArraySerializer

2026-04-04T17:41:00.602+05:30  INFO 28404 --- [flink-boot] [. Out) (3/12)#0] o.a.k.clients.producer.ProducerConfig    : ProducerConfig values: 
	acks = -1
	auto.include.jmx.reporter = true
	batch.size = 16384
	bootstrap.servers = [localhost:9092]
	buffer.memory = 33554432
	client.dns.lookup = use_all_dns_ips
	client.id = producer-9
	compression.type = none
	connections.max.idle.ms = 540000
	delivery.timeout.ms = 120000
	enable.idempotence = true
	interceptor.classes = []
	key.serializer = class org.apache.kafka.common.serialization.ByteArraySerializer
	linger.ms = 0
	max.block.ms = 60000
	max.in.flight.requests.per.connection = 5
	max.request.size = 1048576
	metadata.max.age.ms = 300000
	metadata.max.idle.ms = 300000
	metric.reporters = []
	metrics.num.samples = 2
	metrics.recording.level = INFO
	metrics.sample.window.ms = 30000
	partitioner.adaptive.partitioning.enable = true
	partitioner.availability.timeout.ms = 0
	partitioner.class = null
	partitioner.ignore.keys = false
	receive.buffer.bytes = 32768
	reconnect.backoff.max.ms = 1000
	reconnect.backoff.ms = 50
	request.timeout.ms = 30000
	retries = 2147483647
	retry.backoff.ms = 100
	sasl.client.callback.handler.class = null
	sasl.jaas.config = null
	sasl.kerberos.kinit.cmd = /usr/bin/kinit
	sasl.kerberos.min.time.before.relogin = 60000
	sasl.kerberos.service.name = null
	sasl.kerberos.ticket.renew.jitter = 0.05
	sasl.kerberos.ticket.renew.window.factor = 0.8
	sasl.login.callback.handler.class = null
	sasl.login.class = null
	sasl.login.connect.timeout.ms = null
	sasl.login.read.timeout.ms = null
	sasl.login.refresh.buffer.seconds = 300
	sasl.login.refresh.min.period.seconds = 60
	sasl.login.refresh.window.factor = 0.8
	sasl.login.refresh.window.jitter = 0.05
	sasl.login.retry.backoff.max.ms = 10000
	sasl.login.retry.backoff.ms = 100
	sasl.mechanism = GSSAPI
	sasl.oauthbearer.clock.skew.seconds = 30
	sasl.oauthbearer.expected.audience = null
	sasl.oauthbearer.expected.issuer = null
	sasl.oauthbearer.jwks.endpoint.refresh.ms = 3600000
	sasl.oauthbearer.jwks.endpoint.retry.backoff.max.ms = 10000
	sasl.oauthbearer.jwks.endpoint.retry.backoff.ms = 100
	sasl.oauthbearer.jwks.endpoint.url = null
	sasl.oauthbearer.scope.claim.name = scope
	sasl.oauthbearer.sub.claim.name = sub
	sasl.oauthbearer.token.endpoint.url = null
	security.protocol = PLAINTEXT
	security.providers = null
	send.buffer.bytes = 131072
	socket.connection.setup.timeout.max.ms = 30000
	socket.connection.setup.timeout.ms = 10000
	ssl.cipher.suites = null
	ssl.enabled.protocols = [TLSv1.2, TLSv1.3]
	ssl.endpoint.identification.algorithm = https
	ssl.engine.factory.class = null
	ssl.key.password = null
	ssl.keymanager.algorithm = SunX509
	ssl.keystore.certificate.chain = null
	ssl.keystore.key = null
	ssl.keystore.location = null
	ssl.keystore.password = null
	ssl.keystore.type = JKS
	ssl.protocol = TLSv1.3
	ssl.provider = null
	ssl.secure.random.implementation = null
	ssl.trustmanager.algorithm = PKIX
	ssl.truststore.certificates = null
	ssl.truststore.location = null
	ssl.truststore.password = null
	ssl.truststore.type = JKS
	transaction.timeout.ms = 3600000
	transactional.id = null
	value.serializer = class org.apache.kafka.common.serialization.ByteArraySerializer

2026-04-04T17:41:00.602+05:30  INFO 28404 --- [flink-boot] [. Out) (8/12)#0] o.a.k.clients.producer.ProducerConfig    : ProducerConfig values: 
	acks = -1
	auto.include.jmx.reporter = true
	batch.size = 16384
	bootstrap.servers = [localhost:9092]
	buffer.memory = 33554432
	client.dns.lookup = use_all_dns_ips
	client.id = producer-10
	compression.type = none
	connections.max.idle.ms = 540000
	delivery.timeout.ms = 120000
	enable.idempotence = true
	interceptor.classes = []
	key.serializer = class org.apache.kafka.common.serialization.ByteArraySerializer
	linger.ms = 0
	max.block.ms = 60000
	max.in.flight.requests.per.connection = 5
	max.request.size = 1048576
	metadata.max.age.ms = 300000
	metadata.max.idle.ms = 300000
	metric.reporters = []
	metrics.num.samples = 2
	metrics.recording.level = INFO
	metrics.sample.window.ms = 30000
	partitioner.adaptive.partitioning.enable = true
	partitioner.availability.timeout.ms = 0
	partitioner.class = null
	partitioner.ignore.keys = false
	receive.buffer.bytes = 32768
	reconnect.backoff.max.ms = 1000
	reconnect.backoff.ms = 50
	request.timeout.ms = 30000
	retries = 2147483647
	retry.backoff.ms = 100
	sasl.client.callback.handler.class = null
	sasl.jaas.config = null
	sasl.kerberos.kinit.cmd = /usr/bin/kinit
	sasl.kerberos.min.time.before.relogin = 60000
	sasl.kerberos.service.name = null
	sasl.kerberos.ticket.renew.jitter = 0.05
	sasl.kerberos.ticket.renew.window.factor = 0.8
	sasl.login.callback.handler.class = null
	sasl.login.class = null
	sasl.login.connect.timeout.ms = null
	sasl.login.read.timeout.ms = null
	sasl.login.refresh.buffer.seconds = 300
	sasl.login.refresh.min.period.seconds = 60
	sasl.login.refresh.window.factor = 0.8
	sasl.login.refresh.window.jitter = 0.05
	sasl.login.retry.backoff.max.ms = 10000
	sasl.login.retry.backoff.ms = 100
	sasl.mechanism = GSSAPI
	sasl.oauthbearer.clock.skew.seconds = 30
	sasl.oauthbearer.expected.audience = null
	sasl.oauthbearer.expected.issuer = null
	sasl.oauthbearer.jwks.endpoint.refresh.ms = 3600000
	sasl.oauthbearer.jwks.endpoint.retry.backoff.max.ms = 10000
	sasl.oauthbearer.jwks.endpoint.retry.backoff.ms = 100
	sasl.oauthbearer.jwks.endpoint.url = null
	sasl.oauthbearer.scope.claim.name = scope
	sasl.oauthbearer.sub.claim.name = sub
	sasl.oauthbearer.token.endpoint.url = null
	security.protocol = PLAINTEXT
	security.providers = null
	send.buffer.bytes = 131072
	socket.connection.setup.timeout.max.ms = 30000
	socket.connection.setup.timeout.ms = 10000
	ssl.cipher.suites = null
	ssl.enabled.protocols = [TLSv1.2, TLSv1.3]
	ssl.endpoint.identification.algorithm = https
	ssl.engine.factory.class = null
	ssl.key.password = null
	ssl.keymanager.algorithm = SunX509
	ssl.keystore.certificate.chain = null
	ssl.keystore.key = null
	ssl.keystore.location = null
	ssl.keystore.password = null
	ssl.keystore.type = JKS
	ssl.protocol = TLSv1.3
	ssl.provider = null
	ssl.secure.random.implementation = null
	ssl.trustmanager.algorithm = PKIX
	ssl.truststore.certificates = null
	ssl.truststore.location = null
	ssl.truststore.password = null
	ssl.truststore.type = JKS
	transaction.timeout.ms = 3600000
	transactional.id = null
	value.serializer = class org.apache.kafka.common.serialization.ByteArraySerializer

2026-04-04T17:41:00.602+05:30  INFO 28404 --- [flink-boot] [. Out) (1/12)#0] o.a.k.clients.producer.ProducerConfig    : ProducerConfig values: 
	acks = -1
	auto.include.jmx.reporter = true
	batch.size = 16384
	bootstrap.servers = [localhost:9092]
	buffer.memory = 33554432
	client.dns.lookup = use_all_dns_ips
	client.id = producer-12
	compression.type = none
	connections.max.idle.ms = 540000
	delivery.timeout.ms = 120000
	enable.idempotence = true
	interceptor.classes = []
	key.serializer = class org.apache.kafka.common.serialization.ByteArraySerializer
	linger.ms = 0
	max.block.ms = 60000
	max.in.flight.requests.per.connection = 5
	max.request.size = 1048576
	metadata.max.age.ms = 300000
	metadata.max.idle.ms = 300000
	metric.reporters = []
	metrics.num.samples = 2
	metrics.recording.level = INFO
	metrics.sample.window.ms = 30000
	partitioner.adaptive.partitioning.enable = true
	partitioner.availability.timeout.ms = 0
	partitioner.class = null
	partitioner.ignore.keys = false
	receive.buffer.bytes = 32768
	reconnect.backoff.max.ms = 1000
	reconnect.backoff.ms = 50
	request.timeout.ms = 30000
	retries = 2147483647
	retry.backoff.ms = 100
	sasl.client.callback.handler.class = null
	sasl.jaas.config = null
	sasl.kerberos.kinit.cmd = /usr/bin/kinit
	sasl.kerberos.min.time.before.relogin = 60000
	sasl.kerberos.service.name = null
	sasl.kerberos.ticket.renew.jitter = 0.05
	sasl.kerberos.ticket.renew.window.factor = 0.8
	sasl.login.callback.handler.class = null
	sasl.login.class = null
	sasl.login.connect.timeout.ms = null
	sasl.login.read.timeout.ms = null
	sasl.login.refresh.buffer.seconds = 300
	sasl.login.refresh.min.period.seconds = 60
	sasl.login.refresh.window.factor = 0.8
	sasl.login.refresh.window.jitter = 0.05
	sasl.login.retry.backoff.max.ms = 10000
	sasl.login.retry.backoff.ms = 100
	sasl.mechanism = GSSAPI
	sasl.oauthbearer.clock.skew.seconds = 30
	sasl.oauthbearer.expected.audience = null
	sasl.oauthbearer.expected.issuer = null
	sasl.oauthbearer.jwks.endpoint.refresh.ms = 3600000
	sasl.oauthbearer.jwks.endpoint.retry.backoff.max.ms = 10000
	sasl.oauthbearer.jwks.endpoint.retry.backoff.ms = 100
	sasl.oauthbearer.jwks.endpoint.url = null
	sasl.oauthbearer.scope.claim.name = scope
	sasl.oauthbearer.sub.claim.name = sub
	sasl.oauthbearer.token.endpoint.url = null
	security.protocol = PLAINTEXT
	security.providers = null
	send.buffer.bytes = 131072
	socket.connection.setup.timeout.max.ms = 30000
	socket.connection.setup.timeout.ms = 10000
	ssl.cipher.suites = null
	ssl.enabled.protocols = [TLSv1.2, TLSv1.3]
	ssl.endpoint.identification.algorithm = https
	ssl.engine.factory.class = null
	ssl.key.password = null
	ssl.keymanager.algorithm = SunX509
	ssl.keystore.certificate.chain = null
	ssl.keystore.key = null
	ssl.keystore.location = null
	ssl.keystore.password = null
	ssl.keystore.type = JKS
	ssl.protocol = TLSv1.3
	ssl.provider = null
	ssl.secure.random.implementation = null
	ssl.trustmanager.algorithm = PKIX
	ssl.truststore.certificates = null
	ssl.truststore.location = null
	ssl.truststore.password = null
	ssl.truststore.type = JKS
	transaction.timeout.ms = 3600000
	transactional.id = null
	value.serializer = class org.apache.kafka.common.serialization.ByteArraySerializer

2026-04-04T17:41:00.604+05:30  INFO 28404 --- [flink-boot] [. Out) (2/12)#0] o.a.k.clients.producer.ProducerConfig    : ProducerConfig values: 
	acks = -1
	auto.include.jmx.reporter = true
	batch.size = 16384
	bootstrap.servers = [localhost:9092]
	buffer.memory = 33554432
	client.dns.lookup = use_all_dns_ips
	client.id = producer-11
	compression.type = none
	connections.max.idle.ms = 540000
	delivery.timeout.ms = 120000
	enable.idempotence = true
	interceptor.classes = []
	key.serializer = class org.apache.kafka.common.serialization.ByteArraySerializer
	linger.ms = 0
	max.block.ms = 60000
	max.in.flight.requests.per.connection = 5
	max.request.size = 1048576
	metadata.max.age.ms = 300000
	metadata.max.idle.ms = 300000
	metric.reporters = []
	metrics.num.samples = 2
	metrics.recording.level = INFO
	metrics.sample.window.ms = 30000
	partitioner.adaptive.partitioning.enable = true
	partitioner.availability.timeout.ms = 0
	partitioner.class = null
	partitioner.ignore.keys = false
	receive.buffer.bytes = 32768
	reconnect.backoff.max.ms = 1000
	reconnect.backoff.ms = 50
	request.timeout.ms = 30000
	retries = 2147483647
	retry.backoff.ms = 100
	sasl.client.callback.handler.class = null
	sasl.jaas.config = null
	sasl.kerberos.kinit.cmd = /usr/bin/kinit
	sasl.kerberos.min.time.before.relogin = 60000
	sasl.kerberos.service.name = null
	sasl.kerberos.ticket.renew.jitter = 0.05
	sasl.kerberos.ticket.renew.window.factor = 0.8
	sasl.login.callback.handler.class = null
	sasl.login.class = null
	sasl.login.connect.timeout.ms = null
	sasl.login.read.timeout.ms = null
	sasl.login.refresh.buffer.seconds = 300
	sasl.login.refresh.min.period.seconds = 60
	sasl.login.refresh.window.factor = 0.8
	sasl.login.refresh.window.jitter = 0.05
	sasl.login.retry.backoff.max.ms = 10000
	sasl.login.retry.backoff.ms = 100
	sasl.mechanism = GSSAPI
	sasl.oauthbearer.clock.skew.seconds = 30
	sasl.oauthbearer.expected.audience = null
	sasl.oauthbearer.expected.issuer = null
	sasl.oauthbearer.jwks.endpoint.refresh.ms = 3600000
	sasl.oauthbearer.jwks.endpoint.retry.backoff.max.ms = 10000
	sasl.oauthbearer.jwks.endpoint.retry.backoff.ms = 100
	sasl.oauthbearer.jwks.endpoint.url = null
	sasl.oauthbearer.scope.claim.name = scope
	sasl.oauthbearer.sub.claim.name = sub
	sasl.oauthbearer.token.endpoint.url = null
	security.protocol = PLAINTEXT
	security.providers = null
	send.buffer.bytes = 131072
	socket.connection.setup.timeout.max.ms = 30000
	socket.connection.setup.timeout.ms = 10000
	ssl.cipher.suites = null
	ssl.enabled.protocols = [TLSv1.2, TLSv1.3]
	ssl.endpoint.identification.algorithm = https
	ssl.engine.factory.class = null
	ssl.key.password = null
	ssl.keymanager.algorithm = SunX509
	ssl.keystore.certificate.chain = null
	ssl.keystore.key = null
	ssl.keystore.location = null
	ssl.keystore.password = null
	ssl.keystore.type = JKS
	ssl.protocol = TLSv1.3
	ssl.provider = null
	ssl.secure.random.implementation = null
	ssl.trustmanager.algorithm = PKIX
	ssl.truststore.certificates = null
	ssl.truststore.location = null
	ssl.truststore.password = null
	ssl.truststore.type = JKS
	transaction.timeout.ms = 3600000
	transactional.id = null
	value.serializer = class org.apache.kafka.common.serialization.ByteArraySerializer

2026-04-04T17:41:00.628+05:30  INFO 28404 --- [flink-boot] [ Out) (11/12)#0] o.a.k.clients.producer.KafkaProducer     : [Producer clientId=producer-6] Instantiated an idempotent producer.
2026-04-04T17:41:00.628+05:30  INFO 28404 --- [flink-boot] [. Out) (9/12)#0] o.a.k.clients.producer.KafkaProducer     : [Producer clientId=producer-5] Instantiated an idempotent producer.
2026-04-04T17:41:00.628+05:30  INFO 28404 --- [flink-boot] [. Out) (6/12)#0] o.a.k.clients.producer.KafkaProducer     : [Producer clientId=producer-4] Instantiated an idempotent producer.
2026-04-04T17:41:00.628+05:30  INFO 28404 --- [flink-boot] [. Out) (7/12)#0] o.a.k.clients.producer.KafkaProducer     : [Producer clientId=producer-3] Instantiated an idempotent producer.
2026-04-04T17:41:00.628+05:30  INFO 28404 --- [flink-boot] [. Out) (1/12)#0] o.a.k.clients.producer.KafkaProducer     : [Producer clientId=producer-12] Instantiated an idempotent producer.
2026-04-04T17:41:00.628+05:30  INFO 28404 --- [flink-boot] [ Out) (12/12)#0] o.a.k.clients.producer.KafkaProducer     : [Producer clientId=producer-2] Instantiated an idempotent producer.
2026-04-04T17:41:00.628+05:30  INFO 28404 --- [flink-boot] [ Out) (10/12)#0] o.a.k.clients.producer.KafkaProducer     : [Producer clientId=producer-8] Instantiated an idempotent producer.
2026-04-04T17:41:00.628+05:30  INFO 28404 --- [flink-boot] [. Out) (2/12)#0] o.a.k.clients.producer.KafkaProducer     : [Producer clientId=producer-11] Instantiated an idempotent producer.
2026-04-04T17:41:00.628+05:30  INFO 28404 --- [flink-boot] [. Out) (5/12)#0] o.a.k.clients.producer.KafkaProducer     : [Producer clientId=producer-7] Instantiated an idempotent producer.
2026-04-04T17:41:00.628+05:30  INFO 28404 --- [flink-boot] [. Out) (3/12)#0] o.a.k.clients.producer.KafkaProducer     : [Producer clientId=producer-9] Instantiated an idempotent producer.
2026-04-04T17:41:00.628+05:30  INFO 28404 --- [flink-boot] [. Out) (8/12)#0] o.a.k.clients.producer.KafkaProducer     : [Producer clientId=producer-10] Instantiated an idempotent producer.
2026-04-04T17:41:00.628+05:30  INFO 28404 --- [flink-boot] [. Out) (4/12)#0] o.a.k.clients.producer.KafkaProducer     : [Producer clientId=producer-1] Instantiated an idempotent producer.
2026-04-04T17:41:00.685+05:30  INFO 28404 --- [flink-boot] [. Out) (3/12)#0] o.a.kafka.common.utils.AppInfoParser     : Kafka version: 3.6.2
2026-04-04T17:41:00.686+05:30  INFO 28404 --- [flink-boot] [. Out) (3/12)#0] o.a.kafka.common.utils.AppInfoParser     : Kafka commitId: c4deed513057c94e
2026-04-04T17:41:00.687+05:30  INFO 28404 --- [flink-boot] [. Out) (3/12)#0] o.a.kafka.common.utils.AppInfoParser     : Kafka startTimeMs: 1775304660685
2026-04-04T17:41:00.691+05:30  INFO 28404 --- [flink-boot] [ Out) (11/12)#0] o.a.kafka.common.utils.AppInfoParser     : Kafka version: 3.6.2
2026-04-04T17:41:00.692+05:30  INFO 28404 --- [flink-boot] [ Out) (11/12)#0] o.a.kafka.common.utils.AppInfoParser     : Kafka commitId: c4deed513057c94e
2026-04-04T17:41:00.692+05:30  INFO 28404 --- [flink-boot] [ Out) (11/12)#0] o.a.kafka.common.utils.AppInfoParser     : Kafka startTimeMs: 1775304660691
2026-04-04T17:41:00.694+05:30  INFO 28404 --- [flink-boot] [. Out) (1/12)#0] o.a.kafka.common.utils.AppInfoParser     : Kafka version: 3.6.2
2026-04-04T17:41:00.695+05:30  INFO 28404 --- [flink-boot] [. Out) (1/12)#0] o.a.kafka.common.utils.AppInfoParser     : Kafka commitId: c4deed513057c94e
2026-04-04T17:41:00.695+05:30  INFO 28404 --- [flink-boot] [. Out) (1/12)#0] o.a.kafka.common.utils.AppInfoParser     : Kafka startTimeMs: 1775304660693
2026-04-04T17:41:00.696+05:30  INFO 28404 --- [flink-boot] [ Out) (10/12)#0] o.a.kafka.common.utils.AppInfoParser     : Kafka version: 3.6.2
2026-04-04T17:41:00.697+05:30  INFO 28404 --- [flink-boot] [ Out) (10/12)#0] o.a.kafka.common.utils.AppInfoParser     : Kafka commitId: c4deed513057c94e
2026-04-04T17:41:00.697+05:30  INFO 28404 --- [flink-boot] [ Out) (10/12)#0] o.a.kafka.common.utils.AppInfoParser     : Kafka startTimeMs: 1775304660693
2026-04-04T17:41:00.698+05:30  INFO 28404 --- [flink-boot] [ Out) (12/12)#0] o.a.kafka.common.utils.AppInfoParser     : Kafka version: 3.6.2
2026-04-04T17:41:00.700+05:30  INFO 28404 --- [flink-boot] [ Out) (12/12)#0] o.a.kafka.common.utils.AppInfoParser     : Kafka commitId: c4deed513057c94e
2026-04-04T17:41:00.701+05:30  INFO 28404 --- [flink-boot] [ Out) (12/12)#0] o.a.kafka.common.utils.AppInfoParser     : Kafka startTimeMs: 1775304660693
2026-04-04T17:41:00.702+05:30  INFO 28404 --- [flink-boot] [. Out) (5/12)#0] o.a.kafka.common.utils.AppInfoParser     : Kafka version: 3.6.2
2026-04-04T17:41:00.703+05:30  INFO 28404 --- [flink-boot] [. Out) (5/12)#0] o.a.kafka.common.utils.AppInfoParser     : Kafka commitId: c4deed513057c94e
2026-04-04T17:41:00.703+05:30  INFO 28404 --- [flink-boot] [. Out) (5/12)#0] o.a.kafka.common.utils.AppInfoParser     : Kafka startTimeMs: 1775304660693
2026-04-04T17:41:00.704+05:30  INFO 28404 --- [flink-boot] [. Out) (7/12)#0] o.a.kafka.common.utils.AppInfoParser     : Kafka version: 3.6.2
2026-04-04T17:41:00.705+05:30  INFO 28404 --- [flink-boot] [. Out) (7/12)#0] o.a.kafka.common.utils.AppInfoParser     : Kafka commitId: c4deed513057c94e
2026-04-04T17:41:00.705+05:30  INFO 28404 --- [flink-boot] [. Out) (7/12)#0] o.a.kafka.common.utils.AppInfoParser     : Kafka startTimeMs: 1775304660693
2026-04-04T17:41:00.705+05:30  INFO 28404 --- [flink-boot] [. Out) (8/12)#0] o.a.kafka.common.utils.AppInfoParser     : Kafka version: 3.6.2
2026-04-04T17:41:00.706+05:30  INFO 28404 --- [flink-boot] [. Out) (8/12)#0] o.a.kafka.common.utils.AppInfoParser     : Kafka commitId: c4deed513057c94e
2026-04-04T17:41:00.706+05:30  INFO 28404 --- [flink-boot] [. Out) (8/12)#0] o.a.kafka.common.utils.AppInfoParser     : Kafka startTimeMs: 1775304660692
2026-04-04T17:41:00.707+05:30  INFO 28404 --- [flink-boot] [. Out) (4/12)#0] o.a.kafka.common.utils.AppInfoParser     : Kafka version: 3.6.2
2026-04-04T17:41:00.707+05:30  INFO 28404 --- [flink-boot] [. Out) (4/12)#0] o.a.kafka.common.utils.AppInfoParser     : Kafka commitId: c4deed513057c94e
2026-04-04T17:41:00.707+05:30  INFO 28404 --- [flink-boot] [. Out) (4/12)#0] o.a.kafka.common.utils.AppInfoParser     : Kafka startTimeMs: 1775304660696
2026-04-04T17:41:00.709+05:30  INFO 28404 --- [flink-boot] [. Out) (2/12)#0] o.a.kafka.common.utils.AppInfoParser     : Kafka version: 3.6.2
2026-04-04T17:41:00.710+05:30  INFO 28404 --- [flink-boot] [. Out) (2/12)#0] o.a.kafka.common.utils.AppInfoParser     : Kafka commitId: c4deed513057c94e
2026-04-04T17:41:00.710+05:30  INFO 28404 --- [flink-boot] [. Out) (2/12)#0] o.a.kafka.common.utils.AppInfoParser     : Kafka startTimeMs: 1775304660696
2026-04-04T17:41:00.711+05:30  INFO 28404 --- [flink-boot] [. Out) (6/12)#0] o.a.kafka.common.utils.AppInfoParser     : Kafka version: 3.6.2
2026-04-04T17:41:00.711+05:30  INFO 28404 --- [flink-boot] [. Out) (6/12)#0] o.a.kafka.common.utils.AppInfoParser     : Kafka commitId: c4deed513057c94e
2026-04-04T17:41:00.711+05:30  INFO 28404 --- [flink-boot] [. Out) (6/12)#0] o.a.kafka.common.utils.AppInfoParser     : Kafka startTimeMs: 1775304660695
2026-04-04T17:41:00.712+05:30  INFO 28404 --- [flink-boot] [. Out) (9/12)#0] o.a.kafka.common.utils.AppInfoParser     : Kafka version: 3.6.2
2026-04-04T17:41:00.712+05:30  INFO 28404 --- [flink-boot] [. Out) (9/12)#0] o.a.kafka.common.utils.AppInfoParser     : Kafka commitId: c4deed513057c94e
2026-04-04T17:41:00.713+05:30  INFO 28404 --- [flink-boot] [. Out) (9/12)#0] o.a.kafka.common.utils.AppInfoParser     : Kafka startTimeMs: 1775304660695
2026-04-04T17:41:01.146+05:30  INFO 28404 --- [flink-boot] [d | producer-11] org.apache.kafka.clients.Metadata        : [Producer clientId=producer-11] Cluster ID: O8tKLcaOTlyt2Bx5Bh7U6g
2026-04-04T17:41:01.146+05:30  INFO 28404 --- [flink-boot] [ad | producer-7] org.apache.kafka.clients.Metadata        : [Producer clientId=producer-7] Cluster ID: O8tKLcaOTlyt2Bx5Bh7U6g
2026-04-04T17:41:01.146+05:30  INFO 28404 --- [flink-boot] [ad | producer-6] org.apache.kafka.clients.Metadata        : [Producer clientId=producer-6] Cluster ID: O8tKLcaOTlyt2Bx5Bh7U6g
2026-04-04T17:41:01.147+05:30  INFO 28404 --- [flink-boot] [ad | producer-9] org.apache.kafka.clients.Metadata        : [Producer clientId=producer-9] Cluster ID: O8tKLcaOTlyt2Bx5Bh7U6g
2026-04-04T17:41:01.147+05:30  INFO 28404 --- [flink-boot] [ad | producer-8] org.apache.kafka.clients.Metadata        : [Producer clientId=producer-8] Cluster ID: O8tKLcaOTlyt2Bx5Bh7U6g
2026-04-04T17:41:01.147+05:30  INFO 28404 --- [flink-boot] [ad | producer-1] org.apache.kafka.clients.Metadata        : [Producer clientId=producer-1] Cluster ID: O8tKLcaOTlyt2Bx5Bh7U6g
2026-04-04T17:41:01.147+05:30  INFO 28404 --- [flink-boot] [ad | producer-3] org.apache.kafka.clients.Metadata        : [Producer clientId=producer-3] Cluster ID: O8tKLcaOTlyt2Bx5Bh7U6g
2026-04-04T17:41:01.147+05:30  INFO 28404 --- [flink-boot] [ad | producer-5] org.apache.kafka.clients.Metadata        : [Producer clientId=producer-5] Cluster ID: O8tKLcaOTlyt2Bx5Bh7U6g
2026-04-04T17:41:01.147+05:30  INFO 28404 --- [flink-boot] [d | producer-10] org.apache.kafka.clients.Metadata        : [Producer clientId=producer-10] Cluster ID: O8tKLcaOTlyt2Bx5Bh7U6g
2026-04-04T17:41:01.147+05:30  INFO 28404 --- [flink-boot] [ad | producer-4] org.apache.kafka.clients.Metadata        : [Producer clientId=producer-4] Cluster ID: O8tKLcaOTlyt2Bx5Bh7U6g
2026-04-04T17:41:01.147+05:30  INFO 28404 --- [flink-boot] [ad | producer-2] org.apache.kafka.clients.Metadata        : [Producer clientId=producer-2] Cluster ID: O8tKLcaOTlyt2Bx5Bh7U6g
2026-04-04T17:41:01.147+05:30  INFO 28404 --- [flink-boot] [d | producer-12] org.apache.kafka.clients.Metadata        : [Producer clientId=producer-12] Cluster ID: O8tKLcaOTlyt2Bx5Bh7U6g
2026-04-04T17:41:01.220+05:30  INFO 28404 --- [flink-boot] [-> Map (8/12)#0] o.a.k.clients.consumer.ConsumerConfig    : ConsumerConfig values: 
	allow.auto.create.topics = true
	auto.commit.interval.ms = 5000
	auto.include.jmx.reporter = true
	auto.offset.reset = earliest
	bootstrap.servers = [localhost:9092]
	check.crcs = true
	client.dns.lookup = use_all_dns_ips
	client.id = fraud-detector-7
	client.rack = 
	connections.max.idle.ms = 540000
	default.api.timeout.ms = 60000
	enable.auto.commit = false
	exclude.internal.topics = true
	fetch.max.bytes = 52428800
	fetch.max.wait.ms = 500
	fetch.min.bytes = 1
	group.id = fraud-detector
	group.instance.id = null
	heartbeat.interval.ms = 3000
	interceptor.classes = []
	internal.leave.group.on.close = true
	internal.throw.on.fetch.stable.offset.unsupported = false
	isolation.level = read_uncommitted
	key.deserializer = class org.apache.kafka.common.serialization.ByteArrayDeserializer
	max.partition.fetch.bytes = 1048576
	max.poll.interval.ms = 300000
	max.poll.records = 500
	metadata.max.age.ms = 300000
	metric.reporters = []
	metrics.num.samples = 2
	metrics.recording.level = INFO
	metrics.sample.window.ms = 30000
	partition.assignment.strategy = [class org.apache.kafka.clients.consumer.RangeAssignor, class org.apache.kafka.clients.consumer.CooperativeStickyAssignor]
	receive.buffer.bytes = 65536
	reconnect.backoff.max.ms = 1000
	reconnect.backoff.ms = 50
	request.timeout.ms = 30000
	retry.backoff.ms = 100
	sasl.client.callback.handler.class = null
	sasl.jaas.config = null
	sasl.kerberos.kinit.cmd = /usr/bin/kinit
	sasl.kerberos.min.time.before.relogin = 60000
	sasl.kerberos.service.name = null
	sasl.kerberos.ticket.renew.jitter = 0.05
	sasl.kerberos.ticket.renew.window.factor = 0.8
	sasl.login.callback.handler.class = null
	sasl.login.class = null
	sasl.login.connect.timeout.ms = null
	sasl.login.read.timeout.ms = null
	sasl.login.refresh.buffer.seconds = 300
	sasl.login.refresh.min.period.seconds = 60
	sasl.login.refresh.window.factor = 0.8
	sasl.login.refresh.window.jitter = 0.05
	sasl.login.retry.backoff.max.ms = 10000
	sasl.login.retry.backoff.ms = 100
	sasl.mechanism = GSSAPI
	sasl.oauthbearer.clock.skew.seconds = 30
	sasl.oauthbearer.expected.audience = null
	sasl.oauthbearer.expected.issuer = null
	sasl.oauthbearer.jwks.endpoint.refresh.ms = 3600000
	sasl.oauthbearer.jwks.endpoint.retry.backoff.max.ms = 10000
	sasl.oauthbearer.jwks.endpoint.retry.backoff.ms = 100
	sasl.oauthbearer.jwks.endpoint.url = null
	sasl.oauthbearer.scope.claim.name = scope
	sasl.oauthbearer.sub.claim.name = sub
	sasl.oauthbearer.token.endpoint.url = null
	security.protocol = PLAINTEXT
	security.providers = null
	send.buffer.bytes = 131072
	session.timeout.ms = 45000
	socket.connection.setup.timeout.max.ms = 30000
	socket.connection.setup.timeout.ms = 10000
	ssl.cipher.suites = null
	ssl.enabled.protocols = [TLSv1.2, TLSv1.3]
	ssl.endpoint.identification.algorithm = https
	ssl.engine.factory.class = null
	ssl.key.password = null
	ssl.keymanager.algorithm = SunX509
	ssl.keystore.certificate.chain = null
	ssl.keystore.key = null
	ssl.keystore.location = null
	ssl.keystore.password = null
	ssl.keystore.type = JKS
	ssl.protocol = TLSv1.3
	ssl.provider = null
	ssl.secure.random.implementation = null
	ssl.trustmanager.algorithm = PKIX
	ssl.truststore.certificates = null
	ssl.truststore.location = null
	ssl.truststore.password = null
	ssl.truststore.type = JKS
	value.deserializer = class org.apache.kafka.common.serialization.ByteArrayDeserializer

2026-04-04T17:41:01.278+05:30  INFO 28404 --- [flink-boot] [d | producer-11] o.a.k.c.p.internals.TransactionManager   : [Producer clientId=producer-11] ProducerId set to 1 with epoch 0
2026-04-04T17:41:01.278+05:30  INFO 28404 --- [flink-boot] [ad | producer-6] o.a.k.c.p.internals.TransactionManager   : [Producer clientId=producer-6] ProducerId set to 3 with epoch 0
2026-04-04T17:41:01.278+05:30  INFO 28404 --- [flink-boot] [ad | producer-1] o.a.k.c.p.internals.TransactionManager   : [Producer clientId=producer-1] ProducerId set to 0 with epoch 0
2026-04-04T17:41:01.278+05:30  INFO 28404 --- [flink-boot] [ad | producer-8] o.a.k.c.p.internals.TransactionManager   : [Producer clientId=producer-8] ProducerId set to 6 with epoch 0
2026-04-04T17:41:01.278+05:30  INFO 28404 --- [flink-boot] [ad | producer-5] o.a.k.c.p.internals.TransactionManager   : [Producer clientId=producer-5] ProducerId set to 5 with epoch 0
2026-04-04T17:41:01.278+05:30  INFO 28404 --- [flink-boot] [d | producer-10] o.a.k.c.p.internals.TransactionManager   : [Producer clientId=producer-10] ProducerId set to 4 with epoch 0
2026-04-04T17:41:01.278+05:30  INFO 28404 --- [flink-boot] [ad | producer-4] o.a.k.c.p.internals.TransactionManager   : [Producer clientId=producer-4] ProducerId set to 2 with epoch 0
2026-04-04T17:41:01.293+05:30  INFO 28404 --- [flink-boot] [ad | producer-9] o.a.k.c.p.internals.TransactionManager   : [Producer clientId=producer-9] ProducerId set to 10 with epoch 0
2026-04-04T17:41:01.293+05:30  INFO 28404 --- [flink-boot] [ad | producer-3] o.a.k.c.p.internals.TransactionManager   : [Producer clientId=producer-3] ProducerId set to 7 with epoch 0
2026-04-04T17:41:01.293+05:30  INFO 28404 --- [flink-boot] [d | producer-12] o.a.k.c.p.internals.TransactionManager   : [Producer clientId=producer-12] ProducerId set to 8 with epoch 0
2026-04-04T17:41:01.293+05:30  INFO 28404 --- [flink-boot] [ad | producer-2] o.a.k.c.p.internals.TransactionManager   : [Producer clientId=producer-2] ProducerId set to 9 with epoch 0
2026-04-04T17:41:01.293+05:30  INFO 28404 --- [flink-boot] [ad | producer-7] o.a.k.c.p.internals.TransactionManager   : [Producer clientId=producer-7] ProducerId set to 11 with epoch 0
2026-04-04T17:41:01.299+05:30  INFO 28404 --- [flink-boot] [-> Map (8/12)#0] o.a.k.clients.consumer.ConsumerConfig    : These configurations '[commit.offsets.on.checkpoint, client.id.prefix, partition.discovery.interval.ms]' were supplied but are not used yet.
2026-04-04T17:41:01.299+05:30  INFO 28404 --- [flink-boot] [-> Map (8/12)#0] o.a.kafka.common.utils.AppInfoParser     : Kafka version: 3.6.2
2026-04-04T17:41:01.300+05:30  INFO 28404 --- [flink-boot] [-> Map (8/12)#0] o.a.kafka.common.utils.AppInfoParser     : Kafka commitId: c4deed513057c94e
2026-04-04T17:41:01.300+05:30  INFO 28404 --- [flink-boot] [-> Map (8/12)#0] o.a.kafka.common.utils.AppInfoParser     : Kafka startTimeMs: 1775304661299
2026-04-04T17:41:01.311+05:30  INFO 28404 --- [flink-boot] [-> Map (8/12)#0] o.a.k.clients.consumer.KafkaConsumer     : [Consumer clientId=fraud-detector-7, groupId=fraud-detector] Assigned to partition(s): transactions-0
2026-04-04T17:41:01.340+05:30  INFO 28404 --- [flink-boot] [-> Map (8/12)#0] org.apache.kafka.clients.Metadata        : [Consumer clientId=fraud-detector-7, groupId=fraud-detector] Cluster ID: O8tKLcaOTlyt2Bx5Bh7U6g
2026-04-04T17:41:01.463+05:30  INFO 28404 --- [flink-boot] [-> Map (8/12)#0] o.a.k.c.c.internals.ConsumerCoordinator  : [Consumer clientId=fraud-detector-7, groupId=fraud-detector] Discovered group coordinator localhost:9092 (id: 2147483647 rack: null)
2026-04-04T17:41:01.506+05:30  INFO 28404 --- [flink-boot] [-> Map (8/12)#0] o.a.k.c.c.internals.ConsumerCoordinator  : [Consumer clientId=fraud-detector-7, groupId=fraud-detector] Group coordinator localhost:9092 (id: 2147483647 rack: null) is unavailable or invalid due to cause: error response NOT_COORDINATOR. isDisconnected: false. Rediscovery will be attempted.
2026-04-04T17:41:01.508+05:30  INFO 28404 --- [flink-boot] [-> Map (8/12)#0] o.a.k.c.c.internals.ConsumerCoordinator  : [Consumer clientId=fraud-detector-7, groupId=fraud-detector] Requesting disconnect from last known coordinator localhost:9092 (id: 2147483647 rack: null)
2026-04-04T17:41:01.612+05:30  INFO 28404 --- [flink-boot] [-> Map (8/12)#0] org.apache.kafka.clients.NetworkClient   : [Consumer clientId=fraud-detector-7, groupId=fraud-detector] Client requested disconnect from node 2147483647
2026-04-04T17:41:01.624+05:30  INFO 28404 --- [flink-boot] [-> Map (8/12)#0] o.a.k.c.c.internals.ConsumerCoordinator  : [Consumer clientId=fraud-detector-7, groupId=fraud-detector] Discovered group coordinator localhost:9092 (id: 2147483647 rack: null)
2026-04-04T17:41:01.626+05:30  INFO 28404 --- [flink-boot] [-> Map (8/12)#0] o.a.k.c.c.internals.ConsumerCoordinator  : [Consumer clientId=fraud-detector-7, groupId=fraud-detector] Group coordinator localhost:9092 (id: 2147483647 rack: null) is unavailable or invalid due to cause: coordinator unavailable. isDisconnected: false. Rediscovery will be attempted.
2026-04-04T17:41:01.627+05:30  INFO 28404 --- [flink-boot] [-> Map (8/12)#0] o.a.k.c.c.internals.ConsumerCoordinator  : [Consumer clientId=fraud-detector-7, groupId=fraud-detector] Requesting disconnect from last known coordinator localhost:9092 (id: 2147483647 rack: null)
2026-04-04T17:41:01.740+05:30  INFO 28404 --- [flink-boot] [-> Map (8/12)#0] o.a.k.c.c.internals.ConsumerCoordinator  : [Consumer clientId=fraud-detector-7, groupId=fraud-detector] Discovered group coordinator localhost:9092 (id: 2147483647 rack: null)
2026-04-04T17:41:01.751+05:30  INFO 28404 --- [flink-boot] [-> Map (8/12)#0] o.a.k.c.c.internals.ConsumerCoordinator  : [Consumer clientId=fraud-detector-7, groupId=fraud-detector] Group coordinator localhost:9092 (id: 2147483647 rack: null) is unavailable or invalid due to cause: error response NOT_COORDINATOR. isDisconnected: false. Rediscovery will be attempted.
2026-04-04T17:41:01.752+05:30  INFO 28404 --- [flink-boot] [-> Map (8/12)#0] o.a.k.c.c.internals.ConsumerCoordinator  : [Consumer clientId=fraud-detector-7, groupId=fraud-detector] Requesting disconnect from last known coordinator localhost:9092 (id: 2147483647 rack: null)
2026-04-04T17:41:01.858+05:30  INFO 28404 --- [flink-boot] [-> Map (8/12)#0] org.apache.kafka.clients.NetworkClient   : [Consumer clientId=fraud-detector-7, groupId=fraud-detector] Client requested disconnect from node 2147483647
2026-04-04T17:41:01.865+05:30  INFO 28404 --- [flink-boot] [-> Map (8/12)#0] o.a.k.c.c.internals.ConsumerCoordinator  : [Consumer clientId=fraud-detector-7, groupId=fraud-detector] Discovered group coordinator localhost:9092 (id: 2147483647 rack: null)
2026-04-04T17:41:01.866+05:30  INFO 28404 --- [flink-boot] [-> Map (8/12)#0] o.a.k.c.c.internals.ConsumerCoordinator  : [Consumer clientId=fraud-detector-7, groupId=fraud-detector] Group coordinator localhost:9092 (id: 2147483647 rack: null) is unavailable or invalid due to cause: coordinator unavailable. isDisconnected: false. Rediscovery will be attempted.
2026-04-04T17:41:01.866+05:30  INFO 28404 --- [flink-boot] [-> Map (8/12)#0] o.a.k.c.c.internals.ConsumerCoordinator  : [Consumer clientId=fraud-detector-7, groupId=fraud-detector] Requesting disconnect from last known coordinator localhost:9092 (id: 2147483647 rack: null)
2026-04-04T17:41:01.978+05:30  INFO 28404 --- [flink-boot] [-> Map (8/12)#0] o.a.k.c.c.internals.ConsumerCoordinator  : [Consumer clientId=fraud-detector-7, groupId=fraud-detector] Discovered group coordinator localhost:9092 (id: 2147483647 rack: null)
2026-04-04T17:41:01.992+05:30  INFO 28404 --- [flink-boot] [-> Map (8/12)#0] o.a.k.c.c.internals.ConsumerCoordinator  : [Consumer clientId=fraud-detector-7, groupId=fraud-detector] Group coordinator localhost:9092 (id: 2147483647 rack: null) is unavailable or invalid due to cause: error response NOT_COORDINATOR. isDisconnected: false. Rediscovery will be attempted.
2026-04-04T17:41:01.992+05:30  INFO 28404 --- [flink-boot] [-> Map (8/12)#0] o.a.k.c.c.internals.ConsumerCoordinator  : [Consumer clientId=fraud-detector-7, groupId=fraud-detector] Requesting disconnect from last known coordinator localhost:9092 (id: 2147483647 rack: null)
2026-04-04T17:41:02.106+05:30  INFO 28404 --- [flink-boot] [-> Map (8/12)#0] org.apache.kafka.clients.NetworkClient   : [Consumer clientId=fraud-detector-7, groupId=fraud-detector] Client requested disconnect from node 2147483647
2026-04-04T17:41:02.115+05:30  INFO 28404 --- [flink-boot] [-> Map (8/12)#0] o.a.k.c.c.internals.ConsumerCoordinator  : [Consumer clientId=fraud-detector-7, groupId=fraud-detector] Discovered group coordinator localhost:9092 (id: 2147483647 rack: null)
2026-04-04T17:41:02.116+05:30  INFO 28404 --- [flink-boot] [-> Map (8/12)#0] o.a.k.c.c.internals.ConsumerCoordinator  : [Consumer clientId=fraud-detector-7, groupId=fraud-detector] Group coordinator localhost:9092 (id: 2147483647 rack: null) is unavailable or invalid due to cause: coordinator unavailable. isDisconnected: false. Rediscovery will be attempted.
2026-04-04T17:41:02.116+05:30  INFO 28404 --- [flink-boot] [-> Map (8/12)#0] o.a.k.c.c.internals.ConsumerCoordinator  : [Consumer clientId=fraud-detector-7, groupId=fraud-detector] Requesting disconnect from last known coordinator localhost:9092 (id: 2147483647 rack: null)
2026-04-04T17:41:02.238+05:30  INFO 28404 --- [flink-boot] [-> Map (8/12)#0] o.a.k.c.c.internals.ConsumerCoordinator  : [Consumer clientId=fraud-detector-7, groupId=fraud-detector] Discovered group coordinator localhost:9092 (id: 2147483647 rack: null)
2026-04-04T17:41:02.264+05:30  INFO 28404 --- [flink-boot] [-> Map (8/12)#0] o.a.k.c.c.internals.ConsumerCoordinator  : [Consumer clientId=fraud-detector-7, groupId=fraud-detector] Group coordinator localhost:9092 (id: 2147483647 rack: null) is unavailable or invalid due to cause: error response NOT_COORDINATOR. isDisconnected: false. Rediscovery will be attempted.
2026-04-04T17:41:02.265+05:30  INFO 28404 --- [flink-boot] [-> Map (8/12)#0] o.a.k.c.c.internals.ConsumerCoordinator  : [Consumer clientId=fraud-detector-7, groupId=fraud-detector] Requesting disconnect from last known coordinator localhost:9092 (id: 2147483647 rack: null)
2026-04-04T17:41:02.370+05:30  INFO 28404 --- [flink-boot] [-> Map (8/12)#0] org.apache.kafka.clients.NetworkClient   : [Consumer clientId=fraud-detector-7, groupId=fraud-detector] Client requested disconnect from node 2147483647
2026-04-04T17:41:02.403+05:30  INFO 28404 --- [flink-boot] [-> Map (8/12)#0] o.a.k.c.c.internals.ConsumerCoordinator  : [Consumer clientId=fraud-detector-7, groupId=fraud-detector] Discovered group coordinator localhost:9092 (id: 2147483647 rack: null)
2026-04-04T17:41:02.403+05:30  INFO 28404 --- [flink-boot] [-> Map (8/12)#0] o.a.k.c.c.internals.ConsumerCoordinator  : [Consumer clientId=fraud-detector-7, groupId=fraud-detector] Group coordinator localhost:9092 (id: 2147483647 rack: null) is unavailable or invalid due to cause: coordinator unavailable. isDisconnected: false. Rediscovery will be attempted.
2026-04-04T17:41:02.405+05:30  INFO 28404 --- [flink-boot] [-> Map (8/12)#0] o.a.k.c.c.internals.ConsumerCoordinator  : [Consumer clientId=fraud-detector-7, groupId=fraud-detector] Requesting disconnect from last known coordinator localhost:9092 (id: 2147483647 rack: null)
2026-04-04T17:41:02.517+05:30  INFO 28404 --- [flink-boot] [-> Map (8/12)#0] o.a.k.c.c.internals.ConsumerCoordinator  : [Consumer clientId=fraud-detector-7, groupId=fraud-detector] Discovered group coordinator localhost:9092 (id: 2147483647 rack: null)
2026-04-04T17:41:02.531+05:30  INFO 28404 --- [flink-boot] [-> Map (8/12)#0] o.a.k.c.c.internals.ConsumerCoordinator  : [Consumer clientId=fraud-detector-7, groupId=fraud-detector] Group coordinator localhost:9092 (id: 2147483647 rack: null) is unavailable or invalid due to cause: error response NOT_COORDINATOR. isDisconnected: false. Rediscovery will be attempted.
2026-04-04T17:41:02.532+05:30  INFO 28404 --- [flink-boot] [-> Map (8/12)#0] o.a.k.c.c.internals.ConsumerCoordinator  : [Consumer clientId=fraud-detector-7, groupId=fraud-detector] Requesting disconnect from last known coordinator localhost:9092 (id: 2147483647 rack: null)
2026-04-04T17:41:02.635+05:30  INFO 28404 --- [flink-boot] [-> Map (8/12)#0] org.apache.kafka.clients.NetworkClient   : [Consumer clientId=fraud-detector-7, groupId=fraud-detector] Client requested disconnect from node 2147483647
2026-04-04T17:41:02.648+05:30  INFO 28404 --- [flink-boot] [-> Map (8/12)#0] o.a.k.c.c.internals.ConsumerCoordinator  : [Consumer clientId=fraud-detector-7, groupId=fraud-detector] Discovered group coordinator localhost:9092 (id: 2147483647 rack: null)
2026-04-04T17:41:02.648+05:30  INFO 28404 --- [flink-boot] [-> Map (8/12)#0] o.a.k.c.c.internals.ConsumerCoordinator  : [Consumer clientId=fraud-detector-7, groupId=fraud-detector] Group coordinator localhost:9092 (id: 2147483647 rack: null) is unavailable or invalid due to cause: coordinator unavailable. isDisconnected: false. Rediscovery will be attempted.
2026-04-04T17:41:02.649+05:30  INFO 28404 --- [flink-boot] [-> Map (8/12)#0] o.a.k.c.c.internals.ConsumerCoordinator  : [Consumer clientId=fraud-detector-7, groupId=fraud-detector] Requesting disconnect from last known coordinator localhost:9092 (id: 2147483647 rack: null)
2026-04-04T17:41:02.770+05:30  INFO 28404 --- [flink-boot] [-> Map (8/12)#0] o.a.k.c.c.internals.ConsumerCoordinator  : [Consumer clientId=fraud-detector-7, groupId=fraud-detector] Discovered group coordinator localhost:9092 (id: 2147483647 rack: null)
2026-04-04T17:41:02.789+05:30  INFO 28404 --- [flink-boot] [-> Map (8/12)#0] o.a.k.c.c.internals.ConsumerCoordinator  : [Consumer clientId=fraud-detector-7, groupId=fraud-detector] Group coordinator localhost:9092 (id: 2147483647 rack: null) is unavailable or invalid due to cause: error response NOT_COORDINATOR. isDisconnected: false. Rediscovery will be attempted.
2026-04-04T17:41:02.789+05:30  INFO 28404 --- [flink-boot] [-> Map (8/12)#0] o.a.k.c.c.internals.ConsumerCoordinator  : [Consumer clientId=fraud-detector-7, groupId=fraud-detector] Requesting disconnect from last known coordinator localhost:9092 (id: 2147483647 rack: null)
2026-04-04T17:41:02.897+05:30  INFO 28404 --- [flink-boot] [-> Map (8/12)#0] org.apache.kafka.clients.NetworkClient   : [Consumer clientId=fraud-detector-7, groupId=fraud-detector] Client requested disconnect from node 2147483647
2026-04-04T17:41:02.907+05:30  INFO 28404 --- [flink-boot] [-> Map (8/12)#0] o.a.k.c.c.internals.ConsumerCoordinator  : [Consumer clientId=fraud-detector-7, groupId=fraud-detector] Discovered group coordinator localhost:9092 (id: 2147483647 rack: null)
2026-04-04T17:41:02.909+05:30  INFO 28404 --- [flink-boot] [-> Map (8/12)#0] o.a.k.c.c.internals.ConsumerCoordinator  : [Consumer clientId=fraud-detector-7, groupId=fraud-detector] Group coordinator localhost:9092 (id: 2147483647 rack: null) is unavailable or invalid due to cause: coordinator unavailable. isDisconnected: false. Rediscovery will be attempted.
2026-04-04T17:41:02.909+05:30  INFO 28404 --- [flink-boot] [-> Map (8/12)#0] o.a.k.c.c.internals.ConsumerCoordinator  : [Consumer clientId=fraud-detector-7, groupId=fraud-detector] Requesting disconnect from last known coordinator localhost:9092 (id: 2147483647 rack: null)
2026-04-04T17:41:03.040+05:30  INFO 28404 --- [flink-boot] [-> Map (8/12)#0] o.a.k.c.c.internals.ConsumerCoordinator  : [Consumer clientId=fraud-detector-7, groupId=fraud-detector] Discovered group coordinator localhost:9092 (id: 2147483647 rack: null)
2026-04-04T17:41:03.319+05:30  INFO 28404 --- [flink-boot] [-> Map (8/12)#0] o.a.k.c.c.internals.ConsumerCoordinator  : [Consumer clientId=fraud-detector-7, groupId=fraud-detector] Found no committed offset for partition transactions-0
2026-04-04T17:41:03.406+05:30  INFO 28404 --- [flink-boot] [-> Map (8/12)#0] o.a.k.c.c.internals.SubscriptionState    : [Consumer clientId=fraud-detector-7, groupId=fraud-detector] Resetting offset for partition transactions-0 to position FetchPosition{offset=0, offsetEpoch=Optional.empty, currentLeader=LeaderAndEpoch{leader=Optional[localhost:9092 (id: 0 rack: null)], epoch=0}}.
7> [FraudAlert] userId=user-101, transactionId=txn-2, amount=61000.0, reason=LARGE_TRANSACTION
11> [FraudAlert] userId=user-202, transactionId=txn-4, amount=36000.0, reason=ROLLING_SPEND_THRESHOLD_EXCEEDED
